// Jest Snapshot v1, https://goo.gl/fbAQLP

exports[`CustomProvider component should match snapshot  1`] = `
<Provider
  store={
    {
      "@@observable": [Function],
      "dispatch": [Function],
      "getState": [Function],
      "replaceReducer": [Function],
      "subscribe": [Function],
    }
  }
>
  <h3>
    mock child
  </h3>
</Provider>
`;
